// Jest Snapshot v1, https://goo.gl/fbAQLP

exports[`TextField should match snapshot 1`] = `
<scale-text-field label="test">
  <div class="text-field text-field--type-text text-field--variant-informational">
    <label class="text-field__label" htmlfor="input-text-field-0" id="input-text-field-0-label">
      test
    </label>
    <input aria-labelledby="input-text-field-0-label" class="text-field__control" id="input-text-field-0" inputmode="text" type="text" value="">
  </div>
</scale-text-field>
`;

